
> PATHXPRESS DRIVER App Design@0.1.0 build
> vite build

[36mvite v6.3.5 [32mbuilding for production...[36m[39m
transforming...
[32mΓ£ô[39m 1039 modules transformed.
